# Miri: cargo +nightly miri test — 7 passed, UB не обнаружено

warning: unused import: `std::sync::Arc`
 --> reference-app/src/concurrency.rs:2:5
  |
2 | use std::sync::Arc;
  |     ^^^^^^^^^^^^^^
  |
  = note: `#[warn(unused_imports)]` (part of `#[warn(unused)]`) on by default

warning: `reference-app` (lib) generated 1 warning (run `cargo fix --lib -p reference-app` to apply 1 suggestion)
    Finished `test` profile [unoptimized + debuginfo] target(s) in 0.02s
     Running unittests src/lib.rs (target/debug/deps/reference_app)
warning: unused import: `std::sync::Arc`
 --> reference-app/src/concurrency.rs:2:5
  |
2 | use std::sync::Arc;
  |     ^^^^^^^^^^^^^^
  |
  = note: `#[warn(unused_imports)]` (part of `#[warn(unused)]`) on by default


running 0 tests

test result: ok. 0 passed; 0 failed; 0 ignored; 0 measured; 0 filtered out; finished in 0.03s

     Running unittests src/bin/demo.rs (target/debug/deps/demo)

running 0 tests

test result: ok. 0 passed; 0 failed; 0 ignored; 0 measured; 0 filtered out; finished in 0.03s

     Running tests/integration.rs (target/debug/deps/integration)

running 7 tests
test averages_only_positive ... ok
test counts_non_zero_bytes ... ok
test dedup_preserves_uniques ... ok
test fib_small_numbers ... ok
test normalize_simple ... ok
test race_increment_is_correct ... ok
test sums_even_numbers ... ok

test result: ok. 7 passed; 0 failed; 0 ignored; 0 measured; 0 filtered out; finished in 1.69s

   Doc-tests reference_app

running 0 tests

test result: ok. 0 passed; 0 failed; 0 ignored; 0 measured; 0 filtered out; finished in 0.00s

