# ASan: cargo +nightly test --tests -Zbuild-std
# target=aarch64-unknown-linux-gnu
    Updating crates.io index
 Downloading crates ...
  Downloaded anstyle v1.0.14
  Downloaded cast v0.3.0
  Downloaded itoa v1.0.18
  Downloaded ciborium-ll v0.2.2
  Downloaded ciborium-io v0.2.2
  Downloaded plotters-svg v0.3.7
  Downloaded cfg-if v1.0.4
  Downloaded is-terminal v0.4.17
  Downloaded plotters-backend v0.3.7
  Downloaded same-file v1.0.6
  Downloaded clap_lex v1.1.0
  Downloaded criterion-plot v0.5.0
  Downloaded zmij v1.0.21
  Downloaded oorandom v11.1.5
  Downloaded quote v1.0.45
  Downloaded tinytemplate v1.2.1
  Downloaded autocfg v1.5.0
  Downloaded crossbeam-deque v0.8.6
  Downloaded either v1.15.0
  Downloaded once_cell v1.21.4
  Downloaded walkdir v2.5.0
  Downloaded crossbeam-utils v0.8.21
  Downloaded anes v0.1.6
  Downloaded num-traits v0.2.19
  Downloaded proc-macro2 v1.0.106
  Downloaded serde_derive v1.0.228
  Downloaded crossbeam-epoch v0.9.18
  Downloaded unicode-ident v1.0.24
  Downloaded half v2.7.1
  Downloaded serde_core v1.0.228
  Downloaded clap v4.6.1
  Downloaded ciborium v0.2.2
  Downloaded rayon-core v1.13.0
  Downloaded serde v1.0.228
  Downloaded zerocopy-derive v0.8.48
  Downloaded memchr v2.8.0
  Downloaded criterion v0.5.1
  Downloaded itertools v0.10.5
  Downloaded plotters v0.3.7
  Downloaded regex v1.12.3
  Downloaded serde_json v1.0.149
  Downloaded clap_builder v4.6.0
  Downloaded aho-corasick v1.1.4
  Downloaded rayon v1.12.0
  Downloaded zerocopy v0.8.48
  Downloaded syn v2.0.117
  Downloaded regex-syntax v0.8.10
  Downloaded regex-automata v0.4.14
  Downloaded libc v0.2.186
    Updating crates.io index
 Downloading crates ...
  Downloaded addr2line v0.25.1
  Downloaded adler2 v2.0.1
  Downloaded rustc-literal-escaper v0.0.7
  Downloaded rustc-demangle v0.1.27
  Downloaded hashbrown v0.17.1
  Downloaded miniz_oxide v0.8.9
  Downloaded memchr v2.7.6
  Downloaded foldhash v0.2.0
  Downloaded getopts v0.2.24
  Downloaded gimli v0.32.3
  Downloaded object v0.37.3
  Downloaded libc v0.2.185
   Compiling compiler_builtins v0.1.160 (/usr/local/rustup/toolchains/nightly-aarch64-unknown-linux-gnu/lib/rustlib/src/rust/library/compiler-builtins/compiler-builtins)
   Compiling core v0.0.0 (/usr/local/rustup/toolchains/nightly-aarch64-unknown-linux-gnu/lib/rustlib/src/rust/library/core)
   Compiling libc v0.2.185
   Compiling object v0.37.3
   Compiling std v0.0.0 (/usr/local/rustup/toolchains/nightly-aarch64-unknown-linux-gnu/lib/rustlib/src/rust/library/std)
   Compiling test v0.0.0 (/usr/local/rustup/toolchains/nightly-aarch64-unknown-linux-gnu/lib/rustlib/src/rust/library/test)
   Compiling proc-macro2 v1.0.106
   Compiling unicode-ident v1.0.24
   Compiling quote v1.0.45
   Compiling crossbeam-utils v0.8.21
   Compiling serde_core v1.0.228
   Compiling zerocopy v0.8.48
   Compiling autocfg v1.5.0
   Compiling serde v1.0.228
   Compiling zmij v1.0.21
   Compiling libc v0.2.186
   Compiling rayon-core v1.13.0
   Compiling serde_json v1.0.149
   Compiling num-traits v0.2.19
   Compiling syn v2.0.117
   Compiling zerocopy-derive v0.8.48
   Compiling serde_derive v1.0.228
   Compiling rustc-std-workspace-core v1.99.0 (/usr/local/rustup/toolchains/nightly-aarch64-unknown-linux-gnu/lib/rustlib/src/rust/library/rustc-std-workspace-core)
   Compiling alloc v0.0.0 (/usr/local/rustup/toolchains/nightly-aarch64-unknown-linux-gnu/lib/rustlib/src/rust/library/alloc)
   Compiling memchr v2.7.6
   Compiling adler2 v2.0.1
   Compiling cfg-if v1.0.4
   Compiling rustc-demangle v0.1.27
   Compiling panic_abort v0.0.0 (/usr/local/rustup/toolchains/nightly-aarch64-unknown-linux-gnu/lib/rustlib/src/rust/library/panic_abort)
   Compiling rustc-literal-escaper v0.0.7
   Compiling unwind v0.0.0 (/usr/local/rustup/toolchains/nightly-aarch64-unknown-linux-gnu/lib/rustlib/src/rust/library/unwind)
   Compiling rustc-std-workspace-alloc v1.99.0 (/usr/local/rustup/toolchains/nightly-aarch64-unknown-linux-gnu/lib/rustlib/src/rust/library/rustc-std-workspace-alloc)
   Compiling panic_unwind v0.0.0 (/usr/local/rustup/toolchains/nightly-aarch64-unknown-linux-gnu/lib/rustlib/src/rust/library/panic_unwind)
   Compiling gimli v0.32.3
   Compiling miniz_oxide v0.8.9
   Compiling std_detect v0.1.5 (/usr/local/rustup/toolchains/nightly-aarch64-unknown-linux-gnu/lib/rustlib/src/rust/library/std_detect)
   Compiling hashbrown v0.17.1
   Compiling addr2line v0.25.1
   Compiling rustc-std-workspace-std v1.99.0 (/usr/local/rustup/toolchains/nightly-aarch64-unknown-linux-gnu/lib/rustlib/src/rust/library/rustc-std-workspace-std)
   Compiling proc_macro v0.0.0 (/usr/local/rustup/toolchains/nightly-aarch64-unknown-linux-gnu/lib/rustlib/src/rust/library/proc_macro)
   Compiling getopts v0.2.24
   Compiling either v1.15.0
   Compiling ciborium-io v0.2.2
   Compiling memchr v2.8.0
   Compiling clap_lex v1.1.0
   Compiling plotters-backend v0.3.7
   Compiling anstyle v1.0.14
   Compiling itoa v1.0.18
   Compiling regex-syntax v0.8.10
   Compiling clap_builder v4.6.0
   Compiling plotters-svg v0.3.7
   Compiling itertools v0.10.5
   Compiling crossbeam-epoch v0.9.18
   Compiling cast v0.3.0
   Compiling crossbeam-deque v0.8.6
   Compiling same-file v1.0.6
   Compiling anes v0.1.6
   Compiling walkdir v2.5.0
   Compiling once_cell v1.21.4
   Compiling oorandom v11.1.5
   Compiling broken-app v0.1.0 (/workspace/broken-app)
   Compiling regex-automata v0.4.14
   Compiling is-terminal v0.4.17
   Compiling criterion-plot v0.5.0
   Compiling plotters v0.3.7
   Compiling rayon v1.12.0
   Compiling clap v4.6.1
   Compiling tinytemplate v1.2.1
   Compiling regex v1.12.3
   Compiling half v2.7.1
   Compiling ciborium-ll v0.2.2
   Compiling ciborium v0.2.2
   Compiling criterion v0.5.1
    Finished `test` profile [unoptimized + debuginfo] target(s) in 25.86s
     Running unittests src/lib.rs (/tmp/cargo-target/aarch64-unknown-linux-gnu/debug/deps/broken_app-e42a12883c42dac9)

running 0 tests

test result: ok. 0 passed; 0 failed; 0 ignored; 0 measured; 0 filtered out; finished in 0.00s

     Running unittests src/bin/demo.rs (/tmp/cargo-target/aarch64-unknown-linux-gnu/debug/deps/demo-94aa1bfc01853ac7)

running 0 tests

test result: ok. 0 passed; 0 failed; 0 ignored; 0 measured; 0 filtered out; finished in 0.00s

     Running tests/concurrency.rs (/tmp/cargo-target/aarch64-unknown-linux-gnu/debug/deps/concurrency-5ba20d7c15716fc1)

running 2 tests
test regression_concurrency_reset ... ok
test race_increment_is_correct ... ok

test result: ok. 2 passed; 0 failed; 0 ignored; 0 measured; 0 filtered out; finished in 0.00s

     Running tests/integration.rs (/tmp/cargo-target/aarch64-unknown-linux-gnu/debug/deps/integration-6c7c85e798bb0ba3)

running 12 tests
test averages_only_positive ... ok
test counts_non_zero_bytes ... ok
test fib_small_numbers ... ok
test normalize_simple ... ok
test dedup_preserves_uniques ... ok
test regression_average_positive_ignores_non_positive ... ok
test regression_fib_zero_and_one ... ok
test regression_leak_buffer_empty_input ... ok
test regression_sum_even_no_out_of_bounds ... ok
test sums_even_numbers ... ok
test regression_normalize_collapses_internal_whitespace ... ok
test regression_dedup_large_input ... ok

test result: ok. 12 passed; 0 failed; 0 ignored; 0 measured; 0 filtered out; finished in 0.00s

