   Compiling proc-macro2 v1.0.103
   Compiling quote v1.0.42
   Compiling unicode-ident v1.0.22
   Compiling serde_core v1.0.228
   Compiling crossbeam-utils v0.8.21
   Compiling zerocopy v0.8.31
   Compiling autocfg v1.5.0
   Compiling serde v1.0.228
   Compiling serde_json v1.0.145
   Compiling either v1.15.0
   Compiling rayon-core v1.13.0
   Compiling cfg-if v1.0.4
   Compiling libc v0.2.178
   Compiling memchr v2.7.6
   Compiling ryu v1.0.20
   Compiling ciborium-io v0.2.2
   Compiling clap_lex v0.7.6
   Compiling num-traits v0.2.19
   Compiling itoa v1.0.15
   Compiling plotters-backend v0.3.7
   Compiling anstyle v1.0.13
   Compiling regex-syntax v0.8.8
   Compiling clap_builder v4.5.53
   Compiling plotters-svg v0.3.7
   Compiling itertools v0.10.5
   Compiling cast v0.3.0
   Compiling same-file v1.0.6
   Compiling walkdir v2.5.0
   Compiling once_cell v1.21.3
   Compiling regex-automata v0.4.13
   Compiling oorandom v11.1.5
   Compiling anes v0.1.6
   Compiling broken-app v0.1.0 (/Users/daniel/MyFolder/Yandex/Rust_Yandex/Sprint_5/broken-app/broken-app)
   Compiling criterion-plot v0.5.0
   Compiling clap v4.5.53
   Compiling regex v1.12.2
   Compiling crossbeam-epoch v0.9.18
   Compiling crossbeam-deque v0.8.6
   Compiling rayon v1.11.0
   Compiling syn v2.0.111
   Compiling is-terminal v0.4.17
   Compiling zerocopy-derive v0.8.31
   Compiling serde_derive v1.0.228
   Compiling plotters v0.3.7
   Compiling half v2.7.1
   Compiling ciborium-ll v0.2.2
   Compiling tinytemplate v1.2.1
   Compiling ciborium v0.2.2
   Compiling criterion v0.5.1
    Finished `test` profile [unoptimized + debuginfo] target(s) in 5.94s
     Running unittests src/lib.rs (target/debug/deps/broken_app)

running 0 tests

test result: ok. 0 passed; 0 failed; 0 ignored; 0 measured; 0 filtered out; finished in 0.03s

     Running unittests src/bin/demo.rs (target/debug/deps/demo)

running 0 tests

test result: ok. 0 passed; 0 failed; 0 ignored; 0 measured; 0 filtered out; finished in 0.03s

     Running tests/concurrency.rs (target/debug/deps/concurrency)

running 2 tests
test race_increment_is_correct ... ok
test regression_concurrency_reset ... ok

test result: ok. 2 passed; 0 failed; 0 ignored; 0 measured; 0 filtered out; finished in 1.15s

     Running tests/integration.rs (target/debug/deps/integration)

running 12 tests
test averages_only_positive ... ok
test counts_non_zero_bytes ... ok
test dedup_preserves_uniques ... ok
test fib_small_numbers ... ok
test normalize_simple ... ok
test regression_average_positive_ignores_non_positive ... ok
test regression_dedup_large_input ... ok
test regression_fib_zero_and_one ... ok
test regression_leak_buffer_empty_input ... ok
test regression_normalize_collapses_internal_whitespace ... ok
test regression_sum_even_no_out_of_bounds ... ok
test sums_even_numbers ... ok

test result: ok. 12 passed; 0 failed; 0 ignored; 0 measured; 0 filtered out; finished in 13.10s

   Doc-tests broken_app

running 0 tests

test result: ok. 0 passed; 0 failed; 0 ignored; 0 measured; 0 filtered out; finished in 0.00s

